units real
atom_style full
boundary p p p

pair_style lj/charmm/coul/long 8.0 12.0
kspace_style pppm 1e-6
dielectric 1.000000
bond_style harmonic
angle_style harmonic
dihedral_style fourier
improper_style cvff
special_bonds amber
pair_modify mix arithmetic
neighbor 2.0 bin
neigh_modify delay 0 every 1 check yes
read_data multichain_smoke.data
Reading data file ...
  orthogonal box = (-13.455374 -13.455374 -13.455374) to (13.455374 13.455374 13.455374)
  1 by 1 by 1 MPI processor grid
  reading atoms ...
  396 atoms
  scanning bonds ...
  4 = max bonds/atom
  scanning angles ...
  6 = max angles/atom
  scanning dihedrals ...
  27 = max dihedrals/atom
  scanning impropers ...
  1 = max impropers/atom
  orthogonal box = (-13.455374 -13.455374 -13.455374) to (13.455374 13.455374 13.455374)
  1 by 1 by 1 MPI processor grid
  reading bonds ...
  398 bonds
  reading angles ...
  760 angles
  reading dihedrals ...
  1064 dihedrals
  reading impropers ...
  12 impropers
Finding 1-2 1-3 1-4 neighbors ...
  special bond factors lj:    0        0        0.5     
  special bond factors coul:  0        0        0.8333333333333334
     4 = max # of 1-2 neighbors
    12 = max # of 1-3 neighbors
    24 = max # of 1-4 neighbors
    27 = max # of special neighbors
  special bonds CPU = 0.000 seconds
  read_data CPU = 0.011 seconds


thermo_style custom step time temp press enthalpy etotal ke pe ebond eangle edihed eimp evdwl ecoul elong etail vol lx ly lz density pxx pyy pzz pxy pxz pyz
thermo_modify flush yes
thermo 100

dump dump0 all custom 500 multichain_smoke.dump id type mol x y z ix iy iz vx vy vz
restart 2000 multichain_smoke_1.rst multichain_smoke_2.rst

undump dump0
min_style cg
minimize 0.000001 0.000000 20000 200000
PPPM initialization ...
  using 12-bit tables for long-range coulomb
  G vector (1/distance) = 0.2372856
  grid = 15 15 15
  stencil order = 5
  estimated absolute RMS force accuracy = 0.00020235479
  estimated relative force accuracy = 6.0938545e-07
  using double precision KISS FFT
  3d grid and FFT values/proc = 10648 3375
Generated 66 of 66 mixed pair_coeff terms from arithmetic mixing rule
Neighbor list info ...
  update: every = 1 steps, delay = 0 steps, check = yes
  max neighbors/atom: 2000, page size: 100000
  master list distance cutoff = 14
  ghost atom cutoff = 14
  binsize = 7, bins = 4 4 4
  1 neighbor lists, perpetual/occasional/extra = 1 0 0
  (1) pair lj/charmm/coul/long, perpetual
      attributes: half, newton on
      pair build: half/bin/newton
      stencil: half/bin/3d
      bin: standard
Per MPI rank memory allocation (min/avg/max) = 20.83 | 20.83 | 20.83 Mbytes
   Step          Time           Temp          Press         Enthalpy        TotEng         KinEng         PotEng         E_bond        E_angle        E_dihed        E_impro         E_vdwl         E_coul         E_long         E_tail         Volume           Lx             Ly             Lz          Density          Pxx            Pyy            Pzz            Pxy            Pxz            Pyz      
         0   0              0              2800.5203      967.77579      171.81448      0              171.81448      5.6821722      96.551439      192.56106      0.11088926    -28.623145      203.65266     -298.12059      0              19488.452      26.910749      26.910749      26.910749      0.19999998     3349.0574      2984.0276      2068.476       329.01363      71.015815     -140.23618    
       100   100            0             -57.620487      64.903221      81.280063      0              81.280063      8.3211751      31.985969      190.16665      0.14383296    -55.984211      204.69845     -298.05181      0              19488.452      26.910749      26.910749      26.910749      0.19999998    -42.509411     -27.163389     -103.18866     -14.680972     -19.388309     -30.222509    
       200   200            0             -28.542668      71.23787       79.350241      0              79.350241      8.450977       33.00874       190.66337      0.1802118     -59.520642      204.24905     -297.68147      0              19488.452      26.910749      26.910749      26.910749      0.19999998    -12.755281     -29.673888     -43.198834      3.063594      -42.592875     -21.701098    
       300   300            0             -1.834747       78.18042       78.70189       0              78.70189       8.3681802      32.320808      190.90633      0.20632533    -59.980207      204.47506     -297.59461      0              19488.452      26.910749      26.910749      26.910749      0.19999998     0.67197814     1.642454      -7.8186732     -0.041039106   -14.046294     -5.4620865    
       400   400            0             -8.8080683      75.900497      78.403918      0              78.403918      8.3116791      32.610778      191.15109      0.20519141    -60.717895      204.44067     -297.5976       0              19488.452      26.910749      26.910749      26.910749      0.19999998    -10.139306     -3.5695944     -12.715304      3.8889839     -9.4032203      1.4483672    
       500   500            0             -5.0982621      76.791911      78.240934      0              78.240934      8.3230737      32.697347      191.32573      0.21904934    -61.113269      204.43587     -297.64687      0              19488.452      26.910749      26.910749      26.910749      0.19999998    -8.5473767     -4.5146958     -2.2327138      5.041568      -9.1362045      2.4601783    
       600   600            0             -5.5383929      76.596185      78.170302      0              78.170302      8.311976       32.49774       191.37303      0.21580716    -61.043889      204.48153     -297.66589      0              19488.452      26.910749      26.910749      26.910749      0.19999998    -7.6845814     -8.468943      -0.46165426     12.916097     -9.7692208      6.401661     
       700   700            0             -9.0904872      75.471508      78.055198      0              78.055198      8.312524       32.365385      191.09691      0.20380436    -60.798881      204.54324     -297.66778      0              19488.452      26.910749      26.910749      26.910749      0.19999998    -12.584584     -10.710174     -3.9767034      7.0845054      0.70098781     8.2385702    
       800   800            0             -8.1817238      75.645093      77.970495      0              77.970495      8.3136722      32.064709      190.9501       0.20990172    -60.579274      204.66462     -297.65324      0              19488.452      26.910749      26.910749      26.910749      0.19999998    -9.3818963     -2.8124522     -12.350823      4.5497756     -5.8041632      3.8034442    
       900   900            0             -13.433082      74.069988      77.887927      0              77.887927      8.3041655      32.059079      190.69355      0.21172642    -60.56206       204.78131     -297.59985      0              19488.452      26.910749      26.910749      26.910749      0.19999998    -12.815811     -11.353902     -16.129534      4.168185      -8.6524032      2.9063677    
      1000   1000           0             -14.41939       73.663664      77.761929      0              77.761929      8.3202073      31.800427      190.28338      0.20419051    -60.527719      205.16535     -297.48391      0              19488.452      26.910749      26.910749      26.910749      0.19999998    -14.305659     -11.251011     -17.7015        15.68924      -14.231681      5.1088963    
      1100   1100           0             -21.865006      71.30943       77.523882      0              77.523882      8.2800384      31.673913      190.43706      0.19936468    -61.209999      205.54816     -297.40465      0              19488.452      26.910749      26.910749      26.910749      0.19999998    -16.400426     -11.067519     -38.127074      18.593215     -26.92601       2.4406777    
      1200   1200           0             -101.88497      46.805879      75.763532      0              75.763532      8.2907196      32.844242      193.25565      0.19858921    -67.190992      206.02579     -297.66047      0              19488.452      26.910749      26.910749      26.910749      0.19999998    -100.4516      -90.485218     -114.7181       20.233392     -37.41595       8.1785904    
      1300   1300           0             -19.588413      67.859311      73.426711      0              73.426711      8.1926564      32.39781       193.40178      0.22376353    -68.589224      205.55396     -297.75404      0              19488.452      26.910749      26.910749      26.910749      0.19999998    -15.249661     -15.839649     -27.675928      14.607237     -18.350389      44.333843    
      1400   1400           0             -33.454828      62.953589      72.462089      0              72.462089      8.1665102      32.302831      193.20524      0.23379573    -68.96782       205.3778      -297.85627      0              19488.452      26.910749      26.910749      26.910749      0.19999998    -52.88837      -2.1664849     -45.309629      2.5956487     -19.235409      35.421634    
      1500   1500           0             -8.2091458      69.381436      71.714632      0              71.714632      8.040923       32.111079      192.6149       0.21009304    -68.900329      205.42537     -297.7874       0              19488.452      26.910749      26.910749      26.910749      0.19999998    -19.136914      9.9604623     -15.450985      19.158969     -21.407662     -1.652252     
      1600   1600           0              3.9190476      72.493894      71.380025      0              71.380025      8.0057761      32.069705      192.15609      0.20562031    -68.735917      205.45445     -297.7757       0              19488.452      26.910749      26.910749      26.910749      0.19999998    -8.0541655      2.9025535      16.908755     -7.6675892      8.3431954     -12.234118    
      1700   1700           0              2.653288       71.990514      71.236398      0              71.236398      7.9987543      32.054722      192.15917      0.21294315    -68.877953      205.496       -297.80724      0              19488.452      26.910749      26.910749      26.910749      0.19999998     5.8701012      0.23089601     1.8588668     -6.387905       8.5716172     -9.6766876    
      1800   1800           0             -4.6016415      69.810367      71.118242      0              71.118242      8.0419828      32.280024      192.0001       0.20878208    -69.173415      205.56808     -297.80731      0              19488.452      26.910749      26.910749      26.910749      0.19999998    -2.6489624     -9.9848051     -1.171157       2.3275868      7.3833596      0.58873295   
      1900   1900           0             -48.190386      56.895808      70.592436      0              70.592436      8.1721953      32.550578      192.31802      0.21416843    -70.931659      206.14179     -297.87266      0              19488.452      26.910749      26.910749      26.910749      0.19999998    -80.680628     -32.138246     -31.752285      64.970087     -41.760168      10.794003    
      2000   2000           0             -30.731661      61.090431      69.824955      0              69.824955      8.018286       33.264003      193.22397      0.23692994    -73.077102      206.24907     -298.0902       0              19488.452      26.910749      26.910749      26.910749      0.19999998     42.494019     -59.636454     -75.052548      40.635706     -11.826693      10.183023    
      2100   2100           0              31.69313       76.764349      67.756556      0              67.756556      8.1195368      33.37392       190.63293      0.20359297    -72.468883      206.34327     -298.44781      0              19488.452      26.910749      26.910749      26.910749      0.19999998    -23.988097      51.196825      67.870662     -62.608098      1.1722404      33.971806    
      2200   2200           0             -0.028023586    65.499614      65.507579      0              65.507579      8.2249661      32.534318      192.02747      0.18946362    -74.323052      205.55306     -298.69864      0              19488.452      26.910749      26.910749      26.910749      0.19999998    -12.228769      19.256586     -7.1118876      42.717029      17.044333      7.5521444    
      2300   2300           0              9.8814503      66.400152      63.591655      0              63.591655      8.3191324      32.325838      191.49044      0.20481216    -76.536293      206.09291     -298.30519      0              19488.452      26.910749      26.910749      26.910749      0.19999998     35.199485     -24.576722      19.021588     -0.31510479     26.858712      24.341305    
      2400   2400           0              8.4680134      64.686553      62.279782      0              62.279782      8.2828064      32.14954       190.4589       0.2292054     -76.721513      206.22381     -298.34297      0              19488.452      26.910749      26.910749      26.910749      0.19999998     15.375511     -24.3412        34.369729      7.0365577     -28.637366     -15.213314    
      2500   2500           0             -23.179431      54.965187      61.553224      0              61.553224      8.1874391      32.07091       190.67493      0.21570336    -77.433486      206.20058     -298.36285      0              19488.452      26.910749      26.910749      26.910749      0.19999998    -29.641531     -6.6803139     -33.216448      8.6894046      10.251926     -13.762143    
      2600   2600           0              5.9710517      62.788295      61.091208      0              61.091208      8.140454       32.055106      190.81556      0.22487608    -77.900272      206.07079     -298.31531      0              19488.452      26.910749      26.910749      26.910749      0.19999998     0.39243873    -0.87105574     18.391772     -4.6317625      1.4519802      12.808192    
      2700   2700           0             -10.13459       57.92699       60.807434      0              60.807434      8.1722597      31.882938      190.53748      0.23879708    -77.911059      206.22302     -298.336        0              19488.452      26.910749      26.910749      26.910749      0.19999998    -13.240107     -19.212665      2.0490021      13.45861      -4.1011903      9.4472861    
      2800   2800           0             -9.0346486      57.963651      60.531471      0              60.531471      8.1158984      31.790167      190.43533      0.22179865    -77.728113      206.10634     -298.40995      0              19488.452      26.910749      26.910749      26.910749      0.19999998    -16.646159      13.750635     -24.208422      20.646495     -12.610687     -0.4824476    
      2900   2900           0             -8.0992583      57.889336      60.1913        0              60.1913        8.0912739      31.832915      190.05846      0.1961635     -77.593375      206.03593     -298.43007      0              19488.452      26.910749      26.910749      26.910749      0.19999998     3.7967298     -14.197469     -13.897036     -0.20558702     3.0224787      1.9587063    
      3000   3000           0             -28.183536      51.619418      59.629717      0              59.629717      8.2502571      32.359908      189.24651      0.16334667    -77.318625      205.40204     -298.47371      0              19488.452      26.910749      26.910749      26.910749      0.19999998    -50.590451     -25.034547     -8.9256119      4.691387       3.9894242     -10.099807    
      3100   3100           0              4.5734389      59.594717      58.294858      0              58.294858      8.1126606      31.900914      190.90602      0.17115996    -78.100641      203.91638     -298.61163      0              19488.452      26.910749      26.910749      26.910749      0.19999998     17.256468      15.711119     -19.247271     -2.6396162     -24.945292      33.434059    
      3200   3200           0             -26.765144      50.113684      57.720848      0              57.720848      8.0748843      31.611338      190.72006      0.16843837    -78.461813      204.03083     -298.42289      0              19488.452      26.910749      26.910749      26.910749      0.19999998    -14.832264     -40.181351     -25.281817      19.675086     -14.347351      10.047339    
      3300   3300           0             -17.378237      52.4476        57.386827      0              57.386827      8.1135093      32.000944      190.28845      0.17011652    -78.881403      204.14574     -298.45054      0              19488.452      26.910749      26.910749      26.910749      0.19999998    -13.367505     -5.2311982     -33.536007      13.805895     -7.9399494      14.058795    
      3400   3400           0              4.2425741      58.04746       56.841639      0              56.841639      8.0139843      31.676343      190.84729      0.19857806    -80.028428      204.60685     -298.47298      0              19488.452      26.910749      26.910749      26.910749      0.19999998     2.8364453      10.927668     -1.0363912     -25.680864     -1.7418259      20.492565    
      3500   3500           0              1.3256596      56.80361       56.426832      0              56.426832      8.0029677      31.943793      190.57512      0.17246516    -80.551732      204.79098     -298.50676      0              19488.452      26.910749      26.910749      26.910749      0.19999998    -1.6712276     -1.7629781      7.4111846      4.4821755     -6.6664933     -13.594079    
      3600   3600           0             -0.037244989    56.214191      56.224777      0              56.224777      7.9864646      31.711665      190.49424      0.17556484    -80.638339      204.97032     -298.47514      0              19488.452      26.910749      26.910749      26.910749      0.19999998    -0.44282465     2.2494662     -1.9183765      1.3807184      4.9782741     -7.3878326    
      3700   3700           0              2.2197069      56.753059      56.122176      0              56.122176      7.9665126      31.568675      190.49056      0.17648672    -80.600336      204.95481     -298.43453      0              19488.452      26.910749      26.910749      26.910749      0.19999998     2.8852545      8.3519905     -4.5781244     -6.4697899      3.374042      -0.10704054   
      3800   3800           0             -6.9351236      54.067991      56.039086      0              56.039086      7.972353       31.494744      190.34802      0.17265091    -80.455801      204.93865     -298.43153      0              19488.452      26.910749      26.910749      26.910749      0.19999998    -3.579888      -6.1873411     -11.038142      1.4789108     -1.8746872      3.723814     
      3900   3900           0             -12.32796       52.46466       55.968501      0              55.968501      7.9857756      31.414317      190.27461      0.16890944    -80.416135      204.98264     -298.44162      0              19488.452      26.910749      26.910749      26.910749      0.19999998    -6.2578808     -6.3649665     -24.361033      8.6784275     -2.3172076      3.6633366    
      4000   4000           0             -4.0486152      54.702574      55.853268      0              55.853268      7.9782398      31.271627      190.11886      0.16463863    -80.408137      205.15258     -298.42454      0              19488.452      26.910749      26.910749      26.910749      0.19999998    -2.231943      -1.8023411     -8.1115615     -9.4163686     -11.992541      5.6897614    
      4100   4100           0             -9.1288277      53.13606       55.730647      0              55.730647      7.9768774      31.098821      189.86629      0.15867918    -80.323758      205.33839     -298.38465      0              19488.452      26.910749      26.910749      26.910749      0.19999998    -3.8251501     -1.1568772     -22.404456      2.6637243     -13.580285      5.3525216    
      4200   4200           0             -17.621454      50.532688      55.541042      0              55.541042      7.9478187      31.081989      189.54091      0.14686719    -80.089328      205.2797      -298.36692      0              19488.452      26.910749      26.910749      26.910749      0.19999998    -14.038598     -12.612144     -26.213619      5.1078101     -15.006921      5.760419     
      4300   4300           0             -18.374747      50.153779      55.376233      0              55.376233      7.9815194      30.939642      189.69323      0.16052925    -80.157781      205.09388     -298.33479      0              19488.452      26.910749      26.910749      26.910749      0.19999998    -33.521676     -8.2444418     -13.358123      2.5889396     -12.466304      2.1977522    
      4400   4400           0             -4.3003877      54.028233      55.250486      0              55.250486      7.9356628      30.87564       190.22542      0.17525466    -80.549363      204.91167     -298.3238       0              19488.452      26.910749      26.910749      26.910749      0.19999998    -7.0866755      12.556929     -18.371417      1.0447307     -10.021784     -9.931491     
      4500   4500           0             -3.9289711      54.026531      55.143219      0              55.143219      7.9381533      31.005767      190.38924      0.1825817     -80.777787      204.74074     -298.33548      0              19488.452      26.910749      26.910749      26.910749      0.19999998    -5.8149574      8.3442917     -14.316247      0.77560863    -6.8630395     -8.9883112    
      4600   4600           0             -4.6194138      53.729011      55.041936      0              55.041936      7.9585746      31.20039       190.44829      0.17888089    -81.079088      204.66544     -298.33055      0              19488.452      26.910749      26.910749      26.910749      0.19999998    -1.2376399     -4.0427767     -8.5778247     -4.8581473      3.6381751     -4.3041722    
      4700   4700           0             -3.4871677      53.991507      54.982627      0              54.982627      7.9838063      31.430105      190.31383      0.17747153    -81.211474      204.62991     -298.34102      0              19488.452      26.910749      26.910749      26.910749      0.19999998    -2.6219702     -1.7802642     -6.0592688     -2.3449496      3.5726744      2.8476775    
      4800   4800           0             -0.36716368     54.842597      54.946952      0              54.946952      7.983186       31.491682      190.29939      0.17680037    -81.280141      204.62291     -298.34688      0              19488.452      26.910749      26.910749      26.910749      0.19999998     1.1689869     -2.1447158     -0.12576213     0.11158041     3.738144      -1.1264024    
      4900   4900           0             -7.3815015      52.827813      54.925777      0              54.925777      7.9877286      31.462877      190.29469      0.17608612    -81.290025      204.63656     -298.34214      0              19488.452      26.910749      26.910749      26.910749      0.19999998    -4.4494032     -3.78296       -13.912141     -0.019045102    0.55115591     0.13414571   
      5000   5000           0             -4.9899311      53.477452      54.895685      0              54.895685      7.9688635      31.415433      190.19012      0.17788489    -81.202053      204.69119     -298.34576      0              19488.452      26.910749      26.910749      26.910749      0.19999998    -4.27571        0.086072583   -10.780156      2.5689008     -5.4092085     -4.1403947    
      5100   5100           0             -5.0740714      53.417281      54.859429      0              54.859429      7.9499533      31.43639       190.06955      0.17434872    -81.233778      204.78105     -298.31808      0              19488.452      26.910749      26.910749      26.910749      0.19999998    -6.4807914     -4.0374663     -4.7039564      0.4172707     -3.1444614      2.8682783    
      5200   5200           0             -8.3254632      52.440147      54.806402      0              54.806402      7.9313292      31.496132      190.01374      0.17320025    -81.399832      204.9017      -298.30987      0              19488.452      26.910749      26.910749      26.910749      0.19999998    -8.2518796     -2.6701281     -14.054382      0.51566013    -2.2931042     -0.77542226   
      5300   5300           0             -41.203981      42.94365       54.654607      0              54.654607      8.0341106      31.828257      189.94296      0.19112867    -82.359705      205.24958     -298.23172      0              19488.452      26.910749      26.910749      26.910749      0.19999998    -55.374052     -17.183693     -51.054199      3.5085115     -25.328263     -7.14004      
      5400   5400           0             -15.422168      49.991357      54.374632      0              54.374632      7.9748082      31.778411      190.40157      0.19020724    -83.579105      205.66955     -298.06081      0              19488.452      26.910749      26.910749      26.910749      0.19999998    -2.8815434     -26.743416     -16.641545      12.085843     -18.080639      21.822364    
      5500   5500           0              0.093645004    54.274651      54.248035      0              54.248035      7.9437936      31.605018      190.70955      0.18478526    -83.989567      205.79224     -297.99778      0              19488.452      26.910749      26.910749      26.910749      0.19999998     3.6250748     -24.392798      21.048659      9.3196533      15.043074      13.787444    
      5600   5600           0              7.4007996      56.223674      54.120225      0              54.120225      7.9051843      31.2975        190.97896      0.19524192    -84.038228      205.79562     -298.01405      0              19488.452      26.910749      26.910749      26.910749      0.19999998     11.514207     -13.76993       24.458122     -8.6034306      22.542831     -11.396262    
      5700   5700           0              5.9068604      55.696457      54.017614      0              54.017614      7.8957764      31.285368      190.50788      0.20502103    -83.923315      205.99684     -297.94995      0              19488.452      26.910749      26.910749      26.910749      0.19999998     10.31816       21.54424      -14.141819     -7.9066488      19.261251     -8.002663     
      5800   5800           0             -6.1744555      52.154791      53.909689      0              53.909689      7.9545616      31.347273      190.05059      0.18718632    -83.787629      206.05821     -297.9005       0              19488.452      26.910749      26.910749      26.910749      0.19999998    -1.2350116     -2.7181735     -14.570181      14.790131      2.7279074     -4.2455636    
      5900   5900           0             -12.261893      50.33851       53.823574      0              53.823574      7.9654727      31.380065      189.74098      0.18309682    -83.518616      205.99389     -297.92132      0              19488.452      26.910749      26.910749      26.910749      0.19999998    -22.436072      0.17817961    -14.527787      4.287529      -8.7131535     -2.4406285    
      6000   6000           0             -7.8931618      51.434867      53.678255      0              53.678255      7.9769163      31.370928      189.581        0.18700578    -83.440835      205.96286     -297.95962      0              19488.452      26.910749      26.910749      26.910749      0.19999998    -18.186766      5.2677056     -10.760425      1.7539286     -6.6125563     -2.2580296    
      6100   6100           0             -5.4147415      52.005734      53.544707      0              53.544707      7.96952        31.230387      189.76202      0.19227226    -83.598361      205.91498     -297.92611      0              19488.452      26.910749      26.910749      26.910749      0.19999998    -8.093402       4.9807802     -13.131603     -0.28867697    -1.1036662     -4.4831399    
      6200   6200           0             -1.7699179      52.925726      53.428771      0              53.428771      7.9759939      31.12763       189.82105      0.19195752    -83.538801      205.79415     -297.94322      0              19488.452      26.910749      26.910749      26.910749      0.19999998     0.91545945     3.8877158     -10.112929     -1.3492821      6.4146218     -4.1963533    
      6300   6300           0             -2.6510792      52.601045      53.354533      0              53.354533      7.94979        31.122839      189.93132      0.18969926    -83.663843      205.76439     -297.93966      0              19488.452      26.910749      26.910749      26.910749      0.19999998    -0.55526803    -2.3566629     -5.0413065      2.925972       8.3569592      1.2529911    
      6400   6400           0             -9.7832842      50.508531      53.289127      0              53.289127      7.9730488      31.11183       189.88691      0.19276891    -83.627127      205.695       -297.94331      0              19488.452      26.910749      26.910749      26.910749      0.19999998    -10.60164      -7.6957399     -11.052473      3.1623923     -1.094494       6.8869626    
      6500   6500           0             -7.7180991      51.026401      53.220032      0              53.220032      7.9673947      30.973765      189.7186       0.19137733    -83.248429      205.57584     -297.95852      0              19488.452      26.910749      26.910749      26.910749      0.19999998    -6.4691831     -9.4968834     -7.1882307      7.1901077     -2.5850221      4.412876     
      6600   6600           0             -3.0111023      52.317681      53.173494      0              53.173494      7.9575063      30.900398      189.77698      0.19396993    -83.141909      205.4712      -297.98465      0              19488.452      26.910749      26.910749      26.910749      0.19999998    -1.9023062     -2.4118747     -4.7191259     -1.1922982      0.22888943     1.0868606    
      6700   6700           0             -7.9841021      50.869443      53.138677      0              53.138677      7.9837364      30.909955      189.67861      0.19103919    -83.035496      205.40384     -297.99301      0              19488.452      26.910749      26.910749      26.910749      0.19999998    -6.2166115     -5.2347054     -12.500989      3.7888231      1.1770532     -3.0892775    
      6800   6800           0             -8.0579911      50.797717      53.087952      0              53.087952      8.0274652      30.846013      189.55144      0.19709474    -82.887556      205.35067     -297.99717      0              19488.452      26.910749      26.910749      26.910749      0.19999998    -5.6875981     -3.0264761     -15.459899      2.2294931      2.1864208     -4.7002835    
      6900   6900           0             -28.299284      44.892184      52.93538       0              52.93538       8.2070004      30.95817       189.51126      0.2001743     -83.196223      205.21678     -297.96178      0              19488.452      26.910749      26.910749      26.910749      0.19999998    -22.367911     -36.816947     -25.712996      4.0616919     -4.5569889      13.516619    
      7000   7000           0             -50.035475      38.334845      52.555881      0              52.555881      8.365377       31.106043      189.40719      0.22041345    -83.610331      204.84442     -297.77723      0              19488.452      26.910749      26.910749      26.910749      0.19999998    -50.165891     -34.40968      -65.530854      21.94867      -25.42685       27.955492    
      7100   7100           0             -19.840469      46.605116      52.244156      0              52.244156      8.2181531      31.195169      190.08088      0.2459077     -84.4378        204.64697     -297.70513      0              19488.452      26.910749      26.910749      26.910749      0.19999998    -7.8314191      19.798353     -71.488342     -18.191985      16.808635     -16.983301    
      7200   7200           0             -27.410796      43.694916      51.485588      0              51.485588      8.2411491      30.976068      190.45375      0.25837175    -84.918012      204.32771     -297.85345      0              19488.452      26.910749      26.910749      26.910749      0.19999998     8.4327391      3.2492788     -93.914407      9.4750806      23.478486     -16.481209    
      7300   7300           0             -35.072469      40.982691      50.950956      0              50.950956      8.2398179      30.817489      190.58433      0.24521608    -85.161058      204.15579     -297.93063      0              19488.452      26.910749      26.910749      26.910749      0.19999998    -19.645114     -8.3035979     -77.268695      8.9931341      15.835654      3.1918269    
      7400   7400           0             -47.573712      36.907007      50.428363      0              50.428363      8.1973626      30.593713      190.73348      0.24297315    -85.508447      204.09652     -297.92723      0              19488.452      26.910749      26.910749      26.910749      0.19999998    -16.774388     -9.1804921     -116.76626      9.7736251      28.20955      -29.354631    
      7500   7500           0             -32.928034      40.341185      49.699961      0              49.699961      8.1290606      30.959209      190.08791      0.20389923    -85.834779      204.11035     -297.95569      0              19488.452      26.910749      26.910749      26.910749      0.19999998     8.3343796     -17.705274     -89.413207     -1.8206715      11.005584     -21.430351    
      7600   7600           0             -25.044371      42.267661      49.385749      0              49.385749      8.1319899      31.233629      189.81756      0.19495979    -86.233057      204.22667     -297.986        0              19488.452      26.910749      26.910749      26.910749      0.19999998    -8.6986646     -5.6306105     -60.803839     -5.3473802      7.9263249     -10.278897    
      7700   7700           0             -20.398686      43.339543      49.137239      0              49.137239      8.1145364      31.405267      189.93376      0.1983395     -86.788771      204.25928     -297.98518      0              19488.452      26.910749      26.910749      26.910749      0.19999998    -4.9614895     -0.47851768    -55.75605       2.0809003      4.4479346      6.1482588    
      7800   7800           0             -7.4604545      46.871929      48.992333      0              48.992333      8.1120333      31.440649      190.00376      0.20566981    -87.036848      204.25413     -297.98706      0              19488.452      26.910749      26.910749      26.910749      0.19999998     1.244704      -5.7103469     -17.915721     -0.1817941     -3.7468349     -0.72966613   
      7900   7900           0              0.73493381     49.060469      48.851586      0              48.851586      8.107869       31.166998      190.08015      0.21709903    -87.095561      204.40629     -298.03125      0              19488.452      26.910749      26.910749      26.910749      0.19999998     2.9434625     -0.40031306    -0.33834802     7.3503503      21.097335     -18.483298    
      8000   8000           0              0.79020864     48.943338      48.718746      0              48.718746      8.093437       30.911795      189.96556      0.21383622    -86.965249      204.52921     -298.02985      0              19488.452      26.910749      26.910749      26.910749      0.19999998     0.13587226    -5.8981095      8.1328631     -2.1332576      8.9732582     -14.880584    
      8100   8100           0             -5.1973286      47.153383      48.630563      0              48.630563      8.0801615      30.982954      189.83909      0.21048344    -86.947074      204.49133     -298.02638      0              19488.452      26.910749      26.910749      26.910749      0.19999998     4.3419783      5.1328428     -25.066807      1.7115292     -3.2771807     -18.852483    
      8200   8200           0             -19.722357      42.935061      48.540531      0              48.540531      8.0728895      31.019437      189.69527      0.20796094    -86.695932      204.35931     -298.11841      0              19488.452      26.910749      26.910749      26.910749      0.19999998    -5.8144037     -4.0965615     -49.256106      6.8797168     -12.490632      2.3344205    
      8300   8300           0             -17.637865      43.457048      48.470066      0              48.470066      8.0904177      30.855026      189.80762      0.21213519    -86.59405       204.2573      -298.15838      0              19488.452      26.910749      26.910749      26.910749      0.19999998     2.7459216     -12.122107     -43.537409      1.0157384     -5.6134889      0.9444728    
      8400   8400           0             -18.691729      43.120067      48.432613      0              48.432613      8.088531       30.903475      189.79678      0.21561091    -86.699619      204.26622     -298.13839      0              19488.452      26.910749      26.910749      26.910749      0.19999998    -2.2275402     -2.735761      -51.111886      2.0904026     -9.0632477     -0.42421703   
      8500   8500           0             -16.25339       43.768489      48.388012      0              48.388012      8.101803       30.861914      189.94321      0.22302263    -87.002811      204.37954     -298.11867      0              19488.452      26.910749      26.910749      26.910749      0.19999998     3.6760079     -6.9169268     -45.519251      0.9125447     -2.1629413     -8.0865017    
      8600   8600           0             -16.340238      43.694273      48.338481      0              48.338481      8.0887049      30.942329      189.81696      0.22001304    -87.096189      204.45581     -298.08915      0              19488.452      26.910749      26.910749      26.910749      0.19999998     7.3084581     -5.7638853     -50.565286      1.7447628      3.7228955     -7.8064051    
      8700   8700           0             -25.430463      41.040314      48.268137      0              48.268137      8.0979282      31.013769      190.02889      0.22632285    -87.510147      204.49567     -298.0843       0              19488.452      26.910749      26.910749      26.910749      0.19999998    -6.3131837      0.76429613    -70.742503      2.6490566      4.0987556     -4.6687863    
      8800   8800           0             -25.303147      41.00156       48.193197      0              48.193197      8.0814197      31.02196       190.16624      0.22948806    -87.633644      204.43356     -298.10583      0              19488.452      26.910749      26.910749      26.910749      0.19999998     7.5150026     -3.6193353     -79.805108     -0.19096633     6.1256232     -1.8932569    
      8900   8900           0             -26.536275      40.605846      48.147962      0              48.147962      8.0847787      31.11111       190.11068      0.23002852    -87.696905      204.43344     -298.12517      0              19488.452      26.910749      26.910749      26.910749      0.19999998     2.4185425     -2.4272264     -79.600142      3.2796828      0.46265192     0.72678291   
      9000   9000           0             -31.944826      39.038207      48.117536      0              48.117536      8.0652614      31.077498      190.08419      0.22711463    -87.59799       204.38902     -298.12756      0              19488.452      26.910749      26.910749      26.910749      0.19999998    -4.3938443      3.0670516     -94.507686     -3.0441224     -0.070062235   -6.292598     
      9042   9042           0             -34.587496      38.276611      48.107038      0              48.107038      8.0699374      31.053737      190.08883      0.22829137    -87.587819      204.38021     -298.12616      0              19488.452      26.910749      26.910749      26.910749      0.19999998    -3.384515      -1.3782391     -98.999735     -0.80733537    -0.23972732    -8.181086     
Loop time of 30.2905 on 1 procs for 9042 steps with 396 atoms

100.0% CPU use with 1 MPI tasks x 1 OpenMP threads

Minimization stats:
  Stopping criterion = energy tolerance
  Energy initial, next-to-last, final = 
      171.814481713961   48.1070854538262   48.1070375324505
  Force two-norm initial, final = 282.10439 0.72268311
  Force max component initial, final = 118.93494 0.17062967
  Final line search alpha, max atom move = 0.085669057 0.014617683
  Iterations, force evaluations = 9042 18083

MPI task timing breakdown:
Section |  min time  |  avg time  |  max time  |%varavg| %total
---------------------------------------------------------------
Pair    | 19.889     | 19.889     | 19.889     |   0.0 | 65.66
Bond    | 1.552      | 1.552      | 1.552      |   0.0 |  5.12
Kspace  | 8.4787     | 8.4787     | 8.4787     |   0.0 | 27.99
Neigh   | 0.078411   | 0.078411   | 0.078411   |   0.0 |  0.26
Comm    | 0.17137    | 0.17137    | 0.17137    |   0.0 |  0.57
Output  | 0.004208   | 0.004208   | 0.004208   |   0.0 |  0.01
Modify  | 0          | 0          | 0          |   0.0 |  0.00
Other   |            | 0.1168     |            |       |  0.39

Nlocal:            396 ave         396 max         396 min
Histogram: 1 0 0 0 0 0 0 0 0 0
Nghost:           2958 ave        2958 max        2958 min
Histogram: 1 0 0 0 0 0 0 0 0 0
Neighs:          64665 ave       64665 max       64665 min
Histogram: 1 0 0 0 0 0 0 0 0 0

Total # of neighbors = 64665
Ave neighs/atom = 163.29545
Ave special neighs/atom = 11.161616
Neighbor list builds = 45
Dangerous builds = 0
reset_timestep 0
dump dump0 all custom 500 multichain_smoke.dump id type mol x y z ix iy iz vx vy vz

timestep 0.500000

velocity all create 300.000000 288968 mom yes rot yes dist gaussian

# nvt
fix md2 all nvt temp 300.000000 300.000000 50.000000

# Update thermo_style
thermo_style custom step time temp press enthalpy etotal ke pe ebond eangle edihed eimp evdwl ecoul elong etail vol lx ly lz density pxx pyy pzz pxy pxz pyz
WARNING: New thermo_style command, previous thermo_modify settings will be lost (src/src/output.cpp:912)
thermo_modify flush yes
thermo 100

run 2000
PPPM initialization ...
  using 12-bit tables for long-range coulomb
  G vector (1/distance) = 0.2372856
  grid = 15 15 15
  stencil order = 5
  estimated absolute RMS force accuracy = 0.00020235479
  estimated relative force accuracy = 6.0938545e-07
  using double precision KISS FFT
  3d grid and FFT values/proc = 10648 3375
Generated 66 of 66 mixed pair_coeff terms from arithmetic mixing rule
Per MPI rank memory allocation (min/avg/max) = 19.71 | 19.71 | 19.71 Mbytes
   Step          Time           Temp          Press         Enthalpy        TotEng         KinEng         PotEng         E_bond        E_angle        E_dihed        E_impro         E_vdwl         E_coul         E_long         E_tail         Volume           Lx             Ly             Lz          Density          Pxx            Pyy            Pzz            Pxy            Pxz            Pyz      
         0   0              300            793.94236      626.9866       401.33303      353.22599      48.107038      8.0699374      31.053737      190.08883      0.22829137    -87.587819      204.38021     -298.12616      0              19488.452      26.910749      26.910749      26.910749      0.19999998     797.1362       886.89095      697.79994      23.464732      44.883465     -49.662451    
       100   50             157.5902      -360.35408      339.98121      442.40072      185.54985      256.85087      89.935124      126.92257      206.88094      0.94506974    -74.460965      205.05964     -298.43151      0              19488.452      26.910749      26.910749      26.910749      0.19999998    -409.61206      38.962388     -710.41256      329.03033     -205.09503     -197.62703    
       200   100            202.9592      -67.921637      488.36269      507.66732      238.96821      268.69911      87.028746      134.87518      208.56386      0.83044446    -67.957813      203.77624     -298.41755      0              19488.452      26.910749      26.910749      26.910749      0.19999998    -766.48517      390.3259       172.39436     -382.16272      135.76979      37.550922    
       300   150            211.06625      152.19474      630.09502      586.83837      248.51362      338.32475      119.23634      157.51516      209.42632      0.97296405    -56.066456      205.4193      -298.17887      0              19488.452      26.910749      26.910749      26.910749      0.19999998     456.12489     -474.17648      474.63581      285.63822     -83.687094      194.65366    
       400   200            288.03958     -583.49145      501.66831      667.50771      339.14355      328.36416      87.247269      185.16931      214.192        0.68194502    -66.253033      205.81142     -298.48475      0              19488.452      26.910749      26.910749      26.910749      0.19999998    -252.94189      268.40934     -1765.9418     -596.87056     -450.47406      128.43753    
       500   250            305.73324      535.58609      890.82878      738.605        359.97642      378.62858      125.78264      185.60896      218.76908      1.1673493     -59.073039      205.21294     -298.83935      0              19488.452      26.910749      26.910749      26.910749      0.19999998    -459.0573       970.97496      1094.8406     -280.13443     -1.2520549     -536.00451    
       600   300            305.62479     -63.214208      765.24857      783.21525      359.84874      423.36652      142.88694      211.44895      216.85907      0.42773187    -52.493942      204.08269     -299.84491      0              19488.452      26.910749      26.910749      26.910749      0.19999998     321.88394     -165.24133     -346.28523      541.7479       363.2153      -500.38508    
       700   350            313.70126     -109.61328      754.8862       786.04038      369.35813      416.68225      118.44183      214.00152      223.71775      0.96464988    -44.59966       204.21583     -300.05966      0              19488.452      26.910749      26.910749      26.910749      0.19999998    -733.45417      156.41343      248.2009       67.076693     -269.11447      128.06224    
       800   400            304.56103      642.29978      938.25745      755.7036       358.59624      397.10736      127.66697      202.20542      217.29615      0.67090584    -55.67911       204.76662     -299.81959      0              19488.452      26.910749      26.910749      26.910749      0.19999998    -409.99849      939.48414      1397.4137     -626.44267     -480.74506     -629.7789     
       900   450            310.73834     -290.98537      643.16847      725.87207      365.86952      360.00254      105.4364       179.30753      215.84327      0.97687468    -46.879847      204.60654     -299.28823      0              19488.452      26.910749      26.910749      26.910749      0.19999998     314.41125     -1125.7039     -61.663423     -879.10997      117.26099      292.96769    
      1000   500            279.09077      352.79154      821.61073      721.34064      328.60704      392.7336       133.23078      185.39372      216.3805       1.9624557     -50.586674      206.26153     -299.90871      0              19488.452      26.910749      26.910749      26.910749      0.19999998    -75.093936      537.92615      595.54239      872.01187     -88.403003      84.927779    
      1100   550            304.58715     -100.4792       719.56359      748.1217       358.627        389.4947       132.01126      191.29732      209.86729      0.58938502    -51.504856      207.57973     -300.34543      0              19488.452      26.910749      26.910749      26.910749      0.19999998     181.58557      59.028594     -542.05178      394.33476     -943.67525     -226.72431    
      1200   600            304.3139       11.588253      786.93061      783.63701      358.30526      425.33175      145.85363      201.59315      216.52538      1.3214397     -48.90796       209.01936     -300.07325      0              19488.452      26.910749      26.910749      26.910749      0.19999998     908.71214     -317.98722     -555.96016     -0.42380782     252.86877     -243.06076    
      1300   650            314.36736      42.19517       803.22532      791.23264      370.14241      421.09024      121.81123      213.6504       222.61413      1.5220199     -45.233007      206.74697     -300.02151      0              19488.452      26.910749      26.910749      26.910749      0.19999998    -1034.1859      1287.8004     -127.02896      118.09886     -77.024648      20.666069    
      1400   700            304.15564     -863.49658      522.76107      768.18327      358.11892      410.06435      135.72918      181.69038      223.34686      0.68248532    -36.23254       205.44061     -300.59263      0              19488.452      26.910749      26.910749      26.910749      0.19999998    -230.50872     -1701.5588     -658.42217      1297.9581      92.886593     -1303.6242    
      1500   750            296.69369      666.44241      940.05207      750.63643      349.33307      401.30336      128.43975      197.43311      215.11854      1.248881      -46.581238      206.96255     -301.31824      0              19488.452      26.910749      26.910749      26.910749      0.19999998    -154.27104      653.10914      1500.4891     -1121.1628     -1400.9475      345.17087    
      1600   800            279.98632     -930.58565      485.52595      750.01615      329.66149      420.35466      149.53337      181.79045      215.51437      0.85489342    -29.588252      203.71767     -301.46783      0              19488.452      26.910749      26.910749      26.910749      0.19999998    -702.829       -803.19466     -1285.7333     -307.07983      376.94365      390.3213     
      1700   850            294.67275     -89.414458      738.01955      763.43285      346.95358      416.47927      130.02092      198.11872      222.5345       0.57796841    -39.241666      205.77027     -301.30145      0              19488.452      26.910749      26.910749      26.910749      0.19999998    -100.42304     -591.95847      424.13813      1039.2894      750.79439      562.36378    
      1800   900            318.34314      208.00934      842.34227      783.22205      374.82358      408.39847      112.51207      197.8938       225.0055       1.2717289     -33.25192       205.67871     -300.71142      0              19488.452      26.910749      26.910749      26.910749      0.19999998    -455.10906      610.00571      469.13138     -512.76565      577.25957      94.812148    
      1900   950            314.10921     -523.09931      645.42572      794.10053      369.83846      424.26207      140.98063      186.2505       225.47054      0.48825965    -33.195061      205.62997     -301.36277      0              19488.452      26.910749      26.910749      26.910749      0.19999998     145.59673      3.4709903     -1718.3657     -96.141483     -489.89337     -1129.5253    
      2000   1000           316.07774     -99.20352       760.25697      788.4525       372.15624      416.29625      133.11444      203.40883      217.95324      0.89963383    -43.168737      206.07655     -301.98769      0              19488.452      26.910749      26.910749      26.910749      0.19999998     664.58728     -239.75455     -722.44328     -15.669392     -911.00473     -807.12718    
Loop time of 2.94078 on 1 procs for 2000 steps with 396 atoms

Performance: 29.380 ns/day, 0.817 hours/ns, 680.091 timesteps/s, 269.316 katom-step/s
100.0% CPU use with 1 MPI tasks x 1 OpenMP threads

MPI task timing breakdown:
Section |  min time  |  avg time  |  max time  |%varavg| %total
---------------------------------------------------------------
Pair    | 1.7774     | 1.7774     | 1.7774     |   0.0 | 60.44
Bond    | 0.15806    | 0.15806    | 0.15806    |   0.0 |  5.37
Kspace  | 0.93646    | 0.93646    | 0.93646    |   0.0 | 31.84
Neigh   | 0.030365   | 0.030365   | 0.030365   |   0.0 |  1.03
Comm    | 0.019188   | 0.019188   | 0.019188   |   0.0 |  0.65
Output  | 0.0034309  | 0.0034309  | 0.0034309  |   0.0 |  0.12
Modify  | 0.011241   | 0.011241   | 0.011241   |   0.0 |  0.38
Other   |            | 0.004666   |            |       |  0.16

Nlocal:            396 ave         396 max         396 min
Histogram: 1 0 0 0 0 0 0 0 0 0
Nghost:           2920 ave        2920 max        2920 min
Histogram: 1 0 0 0 0 0 0 0 0 0
Neighs:          60755 ave       60755 max       60755 min
Histogram: 1 0 0 0 0 0 0 0 0 0

Total # of neighbors = 60755
Ave neighs/atom = 153.42172
Ave special neighs/atom = 11.161616
Neighbor list builds = 17
Dangerous builds = 0
unfix md2

write_dump all custom multichain_smoke_last.dump id x y z xu yu zu vx vy vz fx fy fz modify sort id

thermo_style custom step time temp press enthalpy etotal ke pe ebond eangle edihed eimp evdwl ecoul elong etail vol lx ly lz density pxx pyy pzz pxy pxz pyz
WARNING: New thermo_style command, previous thermo_modify settings will be lost (src/src/output.cpp:912)
thermo_modify flush yes
write_data multichain_smoke_last.data
System init for write_data ...
PPPM initialization ...
  using 12-bit tables for long-range coulomb
  G vector (1/distance) = 0.2372856
  grid = 15 15 15
  stencil order = 5
  estimated absolute RMS force accuracy = 0.00020235479
  estimated relative force accuracy = 6.0938545e-07
  using double precision KISS FFT
  3d grid and FFT values/proc = 10648 3375
Generated 66 of 66 mixed pair_coeff terms from arithmetic mixing rule
quit
