
*** tstart() called on n1
*** at Mon Aug 24 22:11:10 2026

   => Libint2 <=

    Primary   basis highest AM E, G, H:  7, 6, 3
    Auxiliary basis highest AM E, G, H:  7, 7, 4
    Onebody   basis highest AM E, G, H:  -, -, -
    Solid Harmonics ordering:            Gaussian
   => Loading Basis Set <=

    Name: 6-31G(D)
    Role: ORBITAL
    Keyword: BASIS
    atoms 1-2, 4 entry C          line   111 file /opt/tpu-resp-env/share/psi4/basis/6-31g_d_.gbs 
    atoms 3      entry N          line   128 file /opt/tpu-resp-env/share/psi4/basis/6-31g_d_.gbs 
    atoms 5      entry O          line   145 file /opt/tpu-resp-env/share/psi4/basis/6-31g_d_.gbs 
    atoms 6-10   entry H          line    44 file /opt/tpu-resp-env/share/psi4/basis/6-31g_d_.gbs 


         ---------------------------------------------------------
                                   SCF
               by Justin Turney, Rob Parrish, Andy Simmonett
                          and Daniel G. A. Smith
                              RHF Reference
                        1 Threads,   7629 MiB Core
         ---------------------------------------------------------

  ==> Geometry <==

    Molecular point group: c1
    Full point group: C1

    Geometry (in Angstrom), charge = 0, multiplicity = 1:

       Center              X                  Y                   Z               Mass       
    ------------   -----------------  -----------------  -----------------  -----------------
         C           -1.651604012400    -1.768749721300     0.861392760200    12.000000000000
         C           -1.159861537100    -0.357271818400     1.134450851600    12.000000000000
         N           -0.356983441100    -0.374867843700     2.362148895100    14.003074004430
         C            0.070939530700     0.676255581800     2.659438888800    12.000000000000
         O            0.493946300600     1.734252042800     2.946936520500    15.994914619570
         H           -2.264166832200    -2.136567142900     1.691244217000     1.007825032230
         H           -0.810203752800    -2.458276072300     0.735795415300     1.007825032230
         H           -2.256233676600    -1.793819437000    -0.050266591100     1.007825032230
         H           -2.024576580200     0.310383054200     1.241661878300     1.007825032230
         H           -0.561986525600    -0.013231247900     0.280536764200     1.007825032230

  Running in c1 symmetry.

  Rotational constants: A =      0.10410  B =      0.04719  C =      0.03366 [cm^-1]
  Rotational constants: A =   3120.81300  B =   1414.70427  C =   1008.99373 [MHz]
  Nuclear repulsion =  158.992598053628228

  Charge       = 0
  Multiplicity = 1
  Electrons    = 38
  Nalpha       = 19
  Nbeta        = 19

  ==> Algorithm <==

  SCF Algorithm Type is DF.
  DIIS enabled.
  MOM disabled.
  Fractional occupation disabled.
  Guess Type is SAD.
  Energy threshold   = 1.00e-06
  Density threshold  = 1.00e-06
  Integral threshold = 1.00e-12

  ==> Primary Basis <==

  Basis Set: 6-31G(D)
    Blend: 6-31G(D)
    Number of shells: 40
    Number of basis functions: 85
    Number of Cartesian functions: 85
    Spherical Harmonics?: false
    Max angular momentum: 2

   => Loading Basis Set <=

    Name: (6-31G(D) AUX)
    Role: JKFIT
    Keyword: DF_BASIS_SCF
    atoms 1-2, 4 entry C          line   121 file /opt/tpu-resp-env/share/psi4/basis/cc-pvdz-jkfit.gbs 
    atoms 3      entry N          line   171 file /opt/tpu-resp-env/share/psi4/basis/cc-pvdz-jkfit.gbs 
    atoms 5      entry O          line   221 file /opt/tpu-resp-env/share/psi4/basis/cc-pvdz-jkfit.gbs 
    atoms 6-10   entry H          line    51 file /opt/tpu-resp-env/share/psi4/basis/cc-pvdz-jkfit.gbs 

  ==> Integral Setup <==

  DFHelper Memory: AOs need 0.032 GiB; user supplied 5.588 GiB. 
  SCF_SUBTYPE=INCORE selected. In-core MEM_DF algorithm will be used.
  Using in-core AOs.

  ==> MemDFJK: Density-Fitted J/K Matrices <==

    J tasked:                   Yes
    K tasked:                   Yes
    wK tasked:                   No
    OpenMP threads:               1
    Memory [MiB]:              5722
    Algorithm:                 Core
    Schwarz Cutoff:           1E-12
    Mask sparsity (%):       2.3253
    Fitting Condition:        1E-10

   => Auxiliary Basis Set <=

  Basis Set: (6-31G(D) AUX)
    Blend: CC-PVDZ-JKFIT
    Number of shells: 165
    Number of basis functions: 530
    Number of Cartesian functions: 530
    Spherical Harmonics?: false
    Max angular momentum: 3

  Minimum eigenvalue in the overlap matrix is 1.5318448944E-03.
  Reciprocal condition number of the overlap matrix is 2.2095419793E-04.
    Using symmetric orthogonalization.

  ==> Pre-Iterations <==

  SCF Guess: Superposition of Atomic Densities via on-the-fly atomic UHF (no occupation information).

   -------------------------
    Irrep   Nso     Nmo    
   -------------------------
     A         85      85 
   -------------------------
    Total      85      85
   -------------------------

  ==> Iterations <==

                           Total Energy        Delta E     RMS |[F,P]|

   @DF-RHF iter SAD:  -244.93218631874677   -2.44932e+02   0.00000e+00 
   @DF-RHF iter   1:  -245.70680215073503   -7.74616e-01   5.75841e-03 DIIS/ADIIS
   @DF-RHF iter   2:  -245.78408702184805   -7.72849e-02   3.44455e-03 DIIS/ADIIS
   @DF-RHF iter   3:  -245.81615697172603   -3.20699e-02   5.93444e-04 DIIS/ADIIS
   @DF-RHF iter   4:  -245.81762170386096   -1.46473e-03   2.00190e-04 DIIS/ADIIS
   @DF-RHF iter   5:  -245.81780728387062   -1.85580e-04   7.29491e-05 DIIS
   @DF-RHF iter   6:  -245.81784058516365   -3.33013e-05   2.89841e-05 DIIS
   @DF-RHF iter   7:  -245.81785211896303   -1.15338e-05   1.27604e-05 DIIS
   @DF-RHF iter   8:  -245.81785504613794   -2.92717e-06   4.14789e-06 DIIS
   @DF-RHF iter   9:  -245.81785533467971   -2.88542e-07   9.03230e-07 DIIS
  Energy and wave function converged.


  ==> Post-Iterations <==

    Orbital Energies [Eh]
    ---------------------

    Doubly Occupied:                                                      

       1A    -20.620018     2A    -15.584118     3A    -11.398489  
       4A    -11.295631     5A    -11.229926     6A     -1.459335  
       7A     -1.299637     8A     -1.046428     9A     -0.872135  
      10A     -0.740889    11A     -0.698688    12A     -0.679245  
      13A     -0.645743    14A     -0.619985    15A     -0.546466  
      16A     -0.537492    17A     -0.523233    18A     -0.462951  
      19A     -0.421948  

    Virtual:                                                              

      20A      0.179585    21A      0.226043    22A      0.236874  
      23A      0.266437    24A      0.303283    25A      0.309787  
      26A      0.320615    27A      0.358981    28A      0.414984  
      29A      0.425372    30A      0.580037    31A      0.702792  
      32A      0.704725    33A      0.727366    34A      0.745054  
      35A      0.773493    36A      0.824724    37A      0.904336  
      38A      0.914090    39A      0.983371    40A      1.020087  
      41A      1.070841    42A      1.098757    43A      1.105714  
      44A      1.132560    45A      1.152633    46A      1.169135  
      47A      1.196420    48A      1.224201    49A      1.307792  
      50A      1.332592    51A      1.405153    52A      1.474272  
      53A      1.547904    54A      1.621970    55A      1.697153  
      56A      1.700321    57A      1.750337    58A      1.814923  
      59A      1.876565    60A      1.925741    61A      2.100809  
      62A      2.179092    63A      2.181192    64A      2.226803  
      65A      2.250290    66A      2.282216    67A      2.407526  
      68A      2.412953    69A      2.489905    70A      2.527833  
      71A      2.641768    72A      2.677295    73A      2.700444  
      74A      2.887487    75A      2.949726    76A      3.064416  
      77A      3.321225    78A      3.334985    79A      3.496256  
      80A      3.629966    81A      4.300204    82A      4.585622  
      83A      4.809396    84A      4.859766    85A      5.112306  

    Final Occupation by Irrep:
              A 
    DOCC [    19 ]
    NA   [    19 ]
    NB   [    19 ]

  @DF-RHF Final Energy:  -245.81785533467971

   => Energetics <=

    Nuclear Repulsion Energy =            158.9925980536282282
    One-Electron Energy =                -648.2560321752913524
    Two-Electron Energy =                 243.4455787869834182
    Total Energy =                       -245.8178553346797059

Computation Completed


Properties will be evaluated at   0.000000,   0.000000,   0.000000 [a0]

Properties computed using the HF density matrix


 Multipole Moments:

 ------------------------------------------------------------------------------------
     Multipole            Electronic (a.u.)      Nuclear  (a.u.)        Total (a.u.)
 ------------------------------------------------------------------------------------

 L = 1.  Multiply by 2.5417464519 to convert [e a0] to [Debye]
 Dipole X            :         42.7177053          -43.2891604           -0.5714552
 Dipole Y            :          6.3137387           -6.6899426           -0.3762038
 Dipole Z            :       -136.6921140          135.9491672           -0.7429468
 Magnitude           :                                                    1.0099803

 ------------------------------------------------------------------------------------

 Electrostatic potential to be computed on the grid and written to grid_esp.dat

*** tstop() called on n1 at Mon Aug 24 22:11:11 2026
Module time:
	user time   =       0.86 seconds =       0.01 minutes
	system time =       0.06 seconds =       0.00 minutes
	total time  =          1 seconds =       0.02 minutes
Total time:
	user time   =       0.86 seconds =       0.01 minutes
	system time =       0.06 seconds =       0.00 minutes
	total time  =          1 seconds =       0.02 minutes
